// Jest Snapshot v1, https://goo.gl/fbAQLP

exports[`converts dashboards with groups correctly 1`] = `
"resource \\"datadog_dashboard\\" \\"group_db_1\\" {
title = \\"Title\\"
description = \\"Description\\"
widget {
group_definition {
title = \\"ECS\\"
layout_type = \\"ordered\\"
widget {
timeseries_definition {
title = \\"Num Services Running\\"
show_legend = false
legend_size = \\"0\\"
request {
q = \\"sum:aws.ecs.service.running{$env,$client} by {servicename}\\"
on_right_yaxis = false
style {
palette = \\"dog_classic\\"
line_type = \\"solid\\"
line_width = \\"normal\\"
}
display_type = \\"area\\"
response_format = \\"event_list\\"
formula {
formula_expression = \\"query1\\"
}
formula {
formula_expression = \\"query2\\"
}
query {
data_source = \\"metrics\\"
name = \\"query1\\"
query = \\"avg:system.disk.free{*}.rollup(avg, 60)\\"
}
query {
data_source = \\"metrics\\"
name = \\"query1\\"
query = \\"avg:system.disk.free{*}.rollup(avg, 60)\\"
}
}
yaxis {
scale = \\"linear\\"
include_zero = true
min = \\"auto\\"
max = \\"auto\\"
}
}
}
}
}
template_variable {
name = \\"env\\"
default = \\"*\\"
prefix = \\"env\\"
}
template_variable {
name = \\"client\\"
default = \\"*\\"
prefix = \\"client\\"
}
layout_type = \\"ordered\\"
is_read_only = true
notify_list = []
reflow_type = \\"auto\\"
}"
`;

exports[`converts screenboards correctly 1`] = `
"resource \\"datadog_dashboard\\" \\"sb_1\\" {
title = \\"Laura's Screenboard 7 Sep 2020 13:18\\"
description = \\"\\"
widget {
widget_layout {
x = 3
y = 17
width = 47
height = 15
}
timeseries_definition {
title = \\"\\"
title_size = \\"16\\"
title_align = \\"left\\"
show_legend = true
legend_layout = \\"vertical\\"
legend_columns = [\\"avg\\",\\"min\\",\\"max\\",\\"value\\",\\"sum\\"]
request {
q = \\"avg:system.cpu.user{*}\\"
style {
palette = \\"dog_classic\\"
line_type = \\"solid\\"
line_width = \\"normal\\"
}
display_type = \\"line\\"
}
yaxis {
scale = \\"linear\\"
label = \\"\\"
include_zero = true
min = \\"auto\\"
max = \\"auto\\"
}
marker {
label = \\" y = 5 \\"
value = \\"y = 5\\"
display_type = \\"error dashed\\"
}
marker {
label = \\" y = 10 \\"
value = \\"y = 10\\"
display_type = \\"error dashed\\"
}
}
}
widget {
widget_layout {
x = 3
y = 17
width = 47
height = 15
}
timeseries_definition {
title = \\"\\"
title_size = \\"16\\"
title_align = \\"left\\"
show_legend = false
request {
log_query {
index = \\"*\\"
search_query = \\"status:(error OR emergency)\\"
group_by {
facet = \\"service\\"
sort_query {
order = \\"desc\\"
aggregation = \\"count\\"
}
limit = 10
}
compute_query {
aggregation = \\"count\\"
}
}
style {
palette = \\"dog_classic\\"
line_type = \\"solid\\"
line_width = \\"normal\\"
}
display_type = \\"line\\"
}
}
}
widget {
widget_layout {
x = 52
y = 0
width = 47
height = 15
}
heatmap_definition {
title = \\"Avg of system.cpu.user over *\\"
title_size = \\"16\\"
title_align = \\"left\\"
show_legend = false
request {
q = \\"avg:system.cpu.user{*}\\"
style {
palette = \\"dog_classic\\"
}
}
}
}
widget {
widget_layout {
x = 3
y = 33
width = 47
height = 15
}
query_value_definition {
title = \\"Avg of datadog.agent.running over *\\"
title_size = \\"16\\"
title_align = \\"left\\"
request {
q = \\"avg:datadog.agent.running{*}\\"
aggregator = \\"avg\\"
}
autoscale = true
precision = 2
}
}
widget {
widget_layout {
x = 3
y = -1
width = 47
height = 15
}
timeseries_definition {
title = \\"CPU for past day\\"
title_size = \\"16\\"
title_align = \\"left\\"
show_legend = false
legend_layout = \\"vertical\\"
legend_columns = [\\"avg\\",\\"min\\",\\"max\\",\\"value\\",\\"sum\\"]
live_span = \\"1d\\"
request {
q = \\"avg:system.cpu.user{*}\\"
style {
palette = \\"dog_classic\\"
line_type = \\"solid\\"
line_width = \\"normal\\"
}
display_type = \\"line\\"
}
yaxis {
scale = \\"linear\\"
label = \\"\\"
include_zero = true
min = \\"auto\\"
max = \\"auto\\"
}
}
}
widget {
widget_layout {
x = 3
y = 50
width = 60
height = 21
}
service_level_objective_definition {
title = \\"SLO: API requests\\"
title_size = \\"16\\"
title_align = \\"center\\"
view_type = \\"detail\\"
time_windows = [\\"7d\\",\\"month_to_date\\",\\"global_time\\"]
slo_id = \\"301437ffe3e951a48fdbde5687d90609\\"
show_error_budget = true
view_mode = \\"overall\\"
}
}
widget {
widget_layout {
x = 52
y = 17
width = 47
height = 22
}
hostmap_definition {
title = \\"\\"
title_size = \\"16\\"
title_align = \\"left\\"
request {
fill {
q = \\"avg:system.cpu.user{*} by {host}\\"
}
}
node_type = \\"host\\"
no_metric_hosts = true
no_group_hosts = true
style {
palette = \\"green_to_orange\\"
palette_flip = false
}
}
}
widget {
widget_layout {
x = 64
y = 40
width = 61
height = 25
}
manage_status_definition {
title_size = \\"13\\"
title_align = \\"left\\"
summary_type = \\"combined\\"
display_format = \\"list\\"
color_preference = \\"text\\"
hide_zero_counts = true
show_last_triggered = true
query = \\"tag:($monitor_env AND $app_group)\\"
sort = \\"triggered,desc\\"
}
}
widget {
widget_layout {
x = 101
y = 1
width = 20
height = 25
}
note_definition {
content = <<EOF
\` Shared Dashbords\`
https://app.datadoghq.com/dashboard/ezf-tjt-xcx
EOF
background_color = \\"vivid_orange\\"
font_size = \\"18\\"
text_align = \\"center\\"
show_tick = false
tick_pos = \\"50%\\"
tick_edge = \\"left\\"
}
}
widget {
widget_layout {
x = 968
y = -242
width = 33
height = 21
}
log_stream_definition {
title = \\"Plugins\\"
title_size = \\"13\\"
title_align = \\"left\\"
indexes = []
query = \\"$dd_env $app_group status:(error OR emergency)\\"
sort {
column = \\"service\\"
order = \\"desc\\"
}
show_date_column = true
show_message_column = true
message_display = \\"expanded-md\\"
}
}
layout_type = \\"free\\"
is_read_only = false
notify_list = []
}"
`;

exports[`converts timeboards correctly 1`] = `
"resource \\"datadog_dashboard\\" \\"tb_1\\" {
title = \\"Laura's Timeboard 21 Aug 2020 16:30\\"
description = \\"\\"
widget {
timeseries_definition {
request {
q = \\"avg:system.cpu.user{*}\\"
display_type = \\"line\\"
style {
palette = \\"dog_classic\\"
line_type = \\"solid\\"
line_width = \\"normal\\"
}
}
yaxis {
label = \\"\\"
scale = \\"linear\\"
min = \\"auto\\"
max = \\"auto\\"
include_zero = true
}
title = \\"Avg of system.cpu.user over *\\"
show_legend = false
legend_size = \\"0\\"
}
}
widget {
query_value_definition {
request {
q = \\"avg:datadog.agent.running{*}\\"
aggregator = \\"avg\\"
conditional_formats {
comparator = \\"<\\"
value = 1
palette = \\"white_on_red\\"
}
conditional_formats {
comparator = \\">=\\"
value = 1
palette = \\"white_on_green\\"
}
}
title = \\"Avg of datadog.agent.running over *\\"
autoscale = true
precision = 2
}
}
template_variable {
name = \\"major\\"
default = \\"*\\"
prefix = \\"agent_version_major\\"
}
template_variable {
name = \\"minor\\"
default = \\"*\\"
prefix = \\"agent_version_minor\\"
}
template_variable {
name = \\"patch\\"
default = \\"*\\"
prefix = \\"agent_version_patch\\"
}
layout_type = \\"ordered\\"
is_read_only = false
notify_list = []
template_variable_preset {
name = \\">= 7\\"
template_variable {
name = \\"major\\"
value = \\"7\\"
}
}
template_variable_preset {
name = \\"Latest\\"
template_variable {
name = \\"major\\"
value = \\"7\\"
}
template_variable {
name = \\"minor\\"
value = \\"21\\"
}
template_variable {
name = \\"patch\\"
value = \\"1\\"
}
}
}"
`;
