// Jest Snapshot v1, https://goo.gl/fbAQLP

exports[`converts dashboards with groups correctly 1`] = `
"resource \\"datadog_dashboard\\" \\"group_db_1\\" {
title = \\"Title\\"
description = \\"Description\\"

widget {

group_definition {
layout_type = \\"ordered\\"
title = \\"ECS\\"

widget {

timeseries_definition {
legend_size = \\"0\\"

request {
display_type = \\"area\\"
on_right_yaxis = false
q = \\"sum:aws.ecs.service.running{$env,$client} by {servicename}\\"

style {
line_type = \\"solid\\"
line_width = \\"normal\\"
palette = \\"dog_classic\\"
}
}
show_legend = false
title = \\"Num Services Running\\"
yaxis {
include_zero = true
max = \\"auto\\"
min = \\"auto\\"
scale = \\"linear\\"
}
}
}
}
}

template_variable {
default = \\"*\\"
name = \\"env\\"
prefix = \\"env\\"
}
template_variable {
default = \\"*\\"
name = \\"client\\"
prefix = \\"client\\"
}
layout_type = \\"ordered\\"
is_read_only = true
notify_list = []
}"
`;

exports[`converts screenboards correctly 1`] = `
"resource \\"datadog_dashboard\\" \\"sb_1\\" {
title = \\"Laura's Screenboard 7 Sep 2020 13:18\\"
description = \\"\\"

widget {

timeseries_definition {
legend_columns = [\\"avg\\",\\"min\\",\\"max\\",\\"value\\",\\"sum\\"]
legend_layout = \\"vertical\\"

marker {
display_type = \\"error dashed\\"
label = \\" y = 5 \\"
value = \\"y = 5\\"
}
marker {
display_type = \\"error dashed\\"
label = \\" y = 10 \\"
value = \\"y = 10\\"
}

request {
display_type = \\"line\\"
q = \\"avg:system.cpu.user{*}\\"

style {
line_type = \\"solid\\"
line_width = \\"normal\\"
palette = \\"dog_classic\\"
}
}
show_legend = true
title = \\"\\"
title_align = \\"left\\"
title_size = \\"16\\"
yaxis {
include_zero = true
label = \\"\\"
max = \\"auto\\"
min = \\"auto\\"
scale = \\"linear\\"
}
}
widget_layout {
height = 15
width = 47
x = 3
y = 17
}
}
widget {

timeseries_definition {

request {
display_type = \\"line\\"
log_query {
compute_query {
aggregation = \\"count\\"
}

group_by {
facet = \\"service\\"
limit = 10
sort_query {
aggregation = \\"count\\"
order = \\"desc\\"
}
}
index = \\"*\\"
search_query = \\"status:(error OR emergency)\\"
}

style {
line_type = \\"solid\\"
line_width = \\"normal\\"
palette = \\"dog_classic\\"
}
}
show_legend = false
title = \\"\\"
title_align = \\"left\\"
title_size = \\"16\\"
}
widget_layout {
height = 15
width = 47
x = 3
y = 17
}
}
widget {

heatmap_definition {

request {
q = \\"avg:system.cpu.user{*}\\"

style {
palette = \\"dog_classic\\"
}
}
show_legend = false
title = \\"Avg of system.cpu.user over *\\"
title_align = \\"left\\"
title_size = \\"16\\"
}
widget_layout {
height = 15
width = 47
x = 52
y = 0
}
}
widget {

query_value_definition {
autoscale = true
precision = 2

request {
aggregator = \\"avg\\"
q = \\"avg:datadog.agent.running{*}\\"
}
title = \\"Avg of datadog.agent.running over *\\"
title_align = \\"left\\"
title_size = \\"16\\"
}
widget_layout {
height = 15
width = 47
x = 3
y = 33
}
}
widget {

timeseries_definition {
legend_columns = [\\"avg\\",\\"min\\",\\"max\\",\\"value\\",\\"sum\\"]
legend_layout = \\"vertical\\"


request {
display_type = \\"line\\"
q = \\"avg:system.cpu.user{*}\\"

style {
line_type = \\"solid\\"
line_width = \\"normal\\"
palette = \\"dog_classic\\"
}
}
show_legend = false
live_span = \\"1d\\"
title = \\"CPU for past day\\"
title_align = \\"left\\"
title_size = \\"16\\"
yaxis {
include_zero = true
label = \\"\\"
max = \\"auto\\"
min = \\"auto\\"
scale = \\"linear\\"
}
}
widget_layout {
height = 15
width = 47
x = 3
y = -1
}
}
widget {

service_level_objective_definition {
global_time_target = \\"5\\"
show_error_budget = true
slo_id = \\"301437ffe3e951a48fdbde5687d90609\\"
time_windows = [\\"7d\\",\\"month_to_date\\",\\"global_time\\"]
title = \\"SLO: API requests\\"
title_align = \\"center\\"
title_size = \\"16\\"
view_mode = \\"overall\\"
view_type = \\"detail\\"
}
widget_layout {
height = 21
width = 60
x = 3
y = 50
}
}
widget {

hostmap_definition {
no_group_hosts = true
no_metric_hosts = true
node_type = \\"host\\"
request {
fill {
q = \\"avg:system.cpu.user{*} by {host}\\"
}
}
style {
palette = \\"green_to_orange\\"
palette_flip = false
}
title = \\"\\"
title_align = \\"left\\"
title_size = \\"16\\"
}
widget_layout {
height = 22
width = 47
x = 52
y = 17
}
}
widget {

manage_status_definition {
color_preference = \\"text\\"
display_format = \\"list\\"
hide_zero_counts = true
query = \\"tag:($monitor_env AND $app_group)\\"
show_last_triggered = true
sort = \\"triggered,desc\\"
summary_type = \\"combined\\"
title_align = \\"left\\"
title_size = \\"13\\"
}
widget_layout {
height = 25
width = 61
x = 64
y = 40
}
}
widget {

note_definition {
background_color = \\"vivid_orange\\"
content = <<EOF
\` Shared Dashbords\`
https://app.datadoghq.com/dashboard/ezf-tjt-xcx
EOF
font_size = \\"18\\"
show_tick = false
text_align = \\"center\\"
tick_edge = \\"left\\"
tick_pos = \\"50%\\"
}
widget_layout {
height = 25
width = 20
x = 101
y = 1
}
}
widget {

log_stream_definition {
indexes = []
message_display = \\"expanded-md\\"
query = \\"$dd_env $app_group status:(error OR emergency)\\"
show_date_column = true
show_message_column = true
sort {
column = \\"service\\"
order = \\"desc\\"
}
title = \\"Plugins\\"
title_align = \\"left\\"
title_size = \\"13\\"
}
widget_layout {
height = 21
width = 33
x = 968
y = -242
}
}

layout_type = \\"free\\"
is_read_only = false
notify_list = []
}"
`;

exports[`converts timeboards correctly 1`] = `
"resource \\"datadog_dashboard\\" \\"tb_1\\" {
title = \\"Laura's Timeboard 21 Aug 2020 16:30\\"
description = \\"\\"

widget {

timeseries_definition {
legend_size = \\"0\\"

request {
display_type = \\"line\\"
q = \\"avg:system.cpu.user{*}\\"

style {
line_type = \\"solid\\"
line_width = \\"normal\\"
palette = \\"dog_classic\\"
}
}
show_legend = false
title = \\"Avg of system.cpu.user over *\\"
yaxis {
include_zero = true
label = \\"\\"
max = \\"auto\\"
min = \\"auto\\"
scale = \\"linear\\"
}
}
}
widget {

query_value_definition {
autoscale = true
precision = 2

request {
aggregator = \\"avg\\"

conditional_formats {
comparator = \\"<\\"
palette = \\"white_on_red\\"
value = 1
}
conditional_formats {
comparator = \\">=\\"
palette = \\"white_on_green\\"
value = 1
}
q = \\"avg:datadog.agent.running{*}\\"
}
title = \\"Avg of datadog.agent.running over *\\"
}
}

template_variable {
default = \\"*\\"
name = \\"major\\"
prefix = \\"agent_version_major\\"
}
template_variable {
default = \\"*\\"
name = \\"minor\\"
prefix = \\"agent_version_minor\\"
}
template_variable {
default = \\"*\\"
name = \\"patch\\"
prefix = \\"agent_version_patch\\"
}
layout_type = \\"ordered\\"
is_read_only = false
notify_list = []

template_variable_preset {
name = \\">= 7\\"

template_variable {
name = \\"major\\"
value = \\"7\\"
}
}
template_variable_preset {
name = \\"Latest\\"

template_variable {
name = \\"major\\"
value = \\"7\\"
}
template_variable {
name = \\"minor\\"
value = \\"21\\"
}
template_variable {
name = \\"patch\\"
value = \\"1\\"
}
}
}"
`;
