// Jest Snapshot v1, https://goo.gl/fbAQLP

exports[`converts 1`] = `
"resource \\"datadog_dashboard\\" \\"sb_1\\" {

template_variable {
name = \\"major\\"
default = \\"*\\"
prefix = \\"agent_version_major\\"
}
template_variable {
name = \\"minor\\"
default = \\"*\\"
prefix = \\"agent_version_minor\\"
}
template_variable {
name = \\"patch\\"
default = \\"*\\"
prefix = \\"agent_version_patch\\"
}

layout_type = \\"ordered\\"
is_read_only = false
notify_list = []

template_variable_preset {
name = \\">= 7\\"

template_variable {
name = \\"major\\"
value = \\"7\\"
}

}
template_variable_preset {
name = \\"Latest\\"

template_variable {
name = \\"major\\"
value = \\"7\\"
}
template_variable {
name = \\"minor\\"
value = \\"21\\"
}
template_variable {
name = \\"patch\\"
value = \\"1\\"
}

}

id = \\"hww-tah-72j\\"

widget {
id = 6396751932460267
timeseries_definition {
type = \\"timeseries\\"
requests = [[object Object]]
yaxis = [object Object]
title = \\"Avg of system.cpu.user over *\\"
title_size = \\"16\\"
title_align = \\"left\\"
time = [object Object]
show_legend = false
}
widget_layout {
x = 17
y = 15
width = 47
height = 15
}
}
widget {
id = 2
}

}"
`;
