// Jest Snapshot v1, https://goo.gl/fbAQLP

exports[`converts 1`] = `
"resource \\"datadog_dashboard\\" \\"sb_1\\" {
title = \\"Laura's Screenboard 7 Sep 2020 13:18\\"
description = \\"\\"

widget {
widget_layout {
x = 17
y = 15
width = 47
height = 15
}
timeseries_definition {

title = \\"\\"
title_size = \\"16\\"
title_align = \\"left\\"
show_legend = false
yaxis {
scale = \\"linear\\"
label = \\"\\"
include_zero = true
min = \\"auto\\"
max = \\"auto\\"
}

marker {
label = \\" y = 5 \\"
value = \\"y = 5\\"
display_type = \\"error dashed\\"
}
marker {
label = \\" y = 10 \\"
value = \\"y = 10\\"
display_type = \\"error dashed\\"
}

}

}
widget {
widget_layout {
x = 78
y = 7
width = 47
height = 15
}
heatmap_definition {

title = \\"Avg of system.cpu.user over *\\"
title_size = \\"16\\"
title_align = \\"left\\"
show_legend = false
}

}
widget {
widget_layout {
x = 8
y = 35
width = 47
height = 15
}
query_value_definition {

title = \\"Avg of datadog.agent.running over *\\"
title_size = \\"16\\"
title_align = \\"left\\"
autoscale = true
precision = 2
}

}
widget {
widget_layout {
x = 3
y = -1
width = 47
height = 15
}
timeseries_definition {

title = \\"CPU for past day\\"
title_size = \\"16\\"
title_align = \\"left\\"
show_legend = false
live_span = \\"1d\\"
yaxis {
scale = \\"linear\\"
label = \\"\\"
include_zero = true
min = \\"auto\\"
max = \\"auto\\"
}


}

}



layout_type = \\"free\\"
is_read_only = false
notify_list = []
}"
`;
